This is pdfTeX, Version 3.141592653-2.6-1.40.27 (MiKTeX 25.4) (preloaded format=pdflatex 2025.10.19)  22 APR 2026 22:02
entering extended mode
 restricted \write18 enabled.
 %&-line parsing enabled.
**./main.tex
(main.tex
LaTeX2e <2025-06-01> patch level 1
L3 programming layer <2025-09-02>
(iutbscthesis.cls
Document Class: iutbscthesis 2024/05/31 LaTeX Class for writing BSc Thesis Repo
rt of Islamic University of Technology (IUT), written by MBH and MIA
(C:\Users\sumai\AppData\Local\Programs\MiKTeX\tex/latex/base\report.cls
Document Class: report 2025/01/22 v1.4n Standard LaTeX document class
(C:\Users\sumai\AppData\Local\Programs\MiKTeX\tex/latex/base\size12.clo
File: size12.clo 2025/01/22 v1.4n Standard LaTeX file (size option)
)
\c@part=\count275
\c@chapter=\count276
\c@section=\count277
\c@subsection=\count278
\c@subsubsection=\count279
\c@paragraph=\count280
\c@subparagraph=\count281
\c@figure=\count282
\c@table=\count283
\abovecaptionskip=\skip49
\belowcaptionskip=\skip50
\bibindent=\dimen148
)
(C:\Users\sumai\AppData\Local\Programs\MiKTeX\tex/latex/geometry\geometry.sty
Package: geometry 2020/01/02 v5.9 Page Geometry

(C:\Users\sumai\AppData\Local\Programs\MiKTeX\tex/latex/graphics\keyval.sty
Package: keyval 2022/05/29 v1.15 key=value parser (DPC)
\KV@toks@=\toks17
)
(C:\Users\sumai\AppData\Local\Programs\MiKTeX\tex/generic/iftex\ifvtex.sty
Package: ifvtex 2019/10/25 v1.7 ifvtex legacy package. Use iftex instead.

(C:\Users\sumai\AppData\Local\Programs\MiKTeX\tex/generic/iftex\iftex.sty
Package: iftex 2024/12/12 v1.0g TeX engine tests
))
\Gm@cnth=\count284
\Gm@cntv=\count285
\c@Gm@tempcnt=\count286
\Gm@bindingoffset=\dimen149
\Gm@wd@mp=\dimen150
\Gm@odd@mp=\dimen151
\Gm@even@mp=\dimen152
\Gm@layoutwidth=\dimen153
\Gm@layoutheight=\dimen154
\Gm@layouthoffset=\dimen155
\Gm@layoutvoffset=\dimen156
\Gm@dimlist=\toks18

(C:\Users\sumai\AppData\Local\Programs\MiKTeX\tex/latex/geometry\geometry.cfg))
(C:\Users\sumai\AppData\Local\Programs\MiKTeX\tex/latex/lm\lmodern.sty
Package: lmodern 2015/05/01 v1.6.1 Latin Modern Fonts
LaTeX Font Info:    Overwriting symbol font `operators' in version `normal'
(Font)                  OT1/cmr/m/n --> OT1/lmr/m/n on input line 22.
LaTeX Font Info:    Overwriting symbol font `letters' in version `normal'
(Font)                  OML/cmm/m/it --> OML/lmm/m/it on input line 23.
LaTeX Font Info:    Overwriting symbol font `symbols' in version `normal'
(Font)                  OMS/cmsy/m/n --> OMS/lmsy/m/n on input line 24.
LaTeX Font Info:    Overwriting symbol font `largesymbols' in version `normal'
(Font)                  OMX/cmex/m/n --> OMX/lmex/m/n on input line 25.
LaTeX Font Info:    Overwriting symbol font `operators' in version `bold'
(Font)                  OT1/cmr/bx/n --> OT1/lmr/bx/n on input line 26.
LaTeX Font Info:    Overwriting symbol font `letters' in version `bold'
(Font)                  OML/cmm/b/it --> OML/lmm/b/it on input line 27.
LaTeX Font Info:    Overwriting symbol font `symbols' in version `bold'
(Font)                  OMS/cmsy/b/n --> OMS/lmsy/b/n on input line 28.
LaTeX Font Info:    Overwriting symbol font `largesymbols' in version `bold'
(Font)                  OMX/cmex/m/n --> OMX/lmex/m/n on input line 29.
LaTeX Font Info:    Overwriting math alphabet `\mathbf' in version `normal'
(Font)                  OT1/cmr/bx/n --> OT1/lmr/bx/n on input line 31.
LaTeX Font Info:    Overwriting math alphabet `\mathsf' in version `normal'
(Font)                  OT1/cmss/m/n --> OT1/lmss/m/n on input line 32.
LaTeX Font Info:    Overwriting math alphabet `\mathit' in version `normal'
(Font)                  OT1/cmr/m/it --> OT1/lmr/m/it on input line 33.
LaTeX Font Info:    Overwriting math alphabet `\mathtt' in version `normal'
(Font)                  OT1/cmtt/m/n --> OT1/lmtt/m/n on input line 34.
LaTeX Font Info:    Overwriting math alphabet `\mathbf' in version `bold'
(Font)                  OT1/cmr/bx/n --> OT1/lmr/bx/n on input line 35.
LaTeX Font Info:    Overwriting math alphabet `\mathsf' in version `bold'
(Font)                  OT1/cmss/bx/n --> OT1/lmss/bx/n on input line 36.
LaTeX Font Info:    Overwriting math alphabet `\mathit' in version `bold'
(Font)                  OT1/cmr/bx/it --> OT1/lmr/bx/it on input line 37.
LaTeX Font Info:    Overwriting math alphabet `\mathtt' in version `bold'
(Font)                  OT1/cmtt/m/n --> OT1/lmtt/m/n on input line 38.
)
(C:\Users\sumai\AppData\Local\Programs\MiKTeX\tex/fonts/stix2-type1\stix2.sty
Package: stix2 2021/01/14 v2.0.2-latex STIX Two fonts support package

(C:\Users\sumai\AppData\Local\Programs\MiKTeX\tex/latex/base\textcomp.sty
Package: textcomp 2024/04/24 v2.1b Standard LaTeX package
LaTeX Font Info:    Changing ? sub-encoding to TS1/0 on input line 75.
)
LaTeX Encoding Info:    Text command \textpertenthousand (encoding T1) is not d
eclared on input line 53.
LaTeX Encoding Info:    Redeclaring text command \textpertenthousand (encoding 
?) on input line 54.
Now handling font encoding LS1 ...
... no UTF-8 mapping file for font encoding LS1
Now handling font encoding LS2 ...
... no UTF-8 mapping file for font encoding LS2
LaTeX Font Info:    Redeclaring symbol font `letters' on input line 78.
LaTeX Font Info:    Encoding `OML' has changed to `LS1' for symbol font
(Font)              `letters' in the math version `normal' on input line 78.
LaTeX Font Info:    Overwriting symbol font `letters' in version `normal'
(Font)                  OML/lmm/m/it --> LS1/stix2/m/it on input line 78.
LaTeX Font Info:    Encoding `OML' has changed to `LS1' for symbol font
(Font)              `letters' in the math version `bold' on input line 78.
LaTeX Font Info:    Overwriting symbol font `letters' in version `bold'
(Font)                  OML/lmm/b/it --> LS1/stix2/m/it on input line 78.
LaTeX Font Info:    Redeclaring symbol font `operators' on input line 79.
LaTeX Font Info:    Encoding `OT1' has changed to `LS1' for symbol font
(Font)              `operators' in the math version `normal' on input line 79.
LaTeX Font Info:    Overwriting symbol font `operators' in version `normal'
(Font)                  OT1/lmr/m/n --> LS1/stix2/m/n on input line 79.
LaTeX Font Info:    Encoding `OT1' has changed to `LS1' for symbol font
(Font)              `operators' in the math version `bold' on input line 79.
LaTeX Font Info:    Overwriting symbol font `operators' in version `bold'
(Font)                  OT1/lmr/bx/n --> LS1/stix2/m/n on input line 79.
\symbold-operators=\mathgroup4
LaTeX Font Info:    Redeclaring symbol font `symbols' on input line 81.
LaTeX Font Info:    Encoding `OMS' has changed to `LS1' for symbol font
(Font)              `symbols' in the math version `normal' on input line 81.
LaTeX Font Info:    Overwriting symbol font `symbols' in version `normal'
(Font)                  OMS/lmsy/m/n --> LS1/stix2scr/m/n on input line 81.
LaTeX Font Info:    Encoding `OMS' has changed to `LS1' for symbol font
(Font)              `symbols' in the math version `bold' on input line 81.
LaTeX Font Info:    Overwriting symbol font `symbols' in version `bold'
(Font)                  OMS/lmsy/b/n --> LS1/stix2scr/m/n on input line 81.
\symsymbols2=\mathgroup5
\symsymbols3=\mathgroup6
\symsymbols4=\mathgroup7
\symintegrals=\mathgroup8
LaTeX Font Info:    Redeclaring symbol font `largesymbols' on input line 86.
LaTeX Font Info:    Encoding `OMX' has changed to `LS2' for symbol font
(Font)              `largesymbols' in the math version `normal' on input line 8
6.
LaTeX Font Info:    Overwriting symbol font `largesymbols' in version `normal'
(Font)                  OMX/lmex/m/n --> LS2/stix2ex/m/n on input line 86.
LaTeX Font Info:    Encoding `OMX' has changed to `LS2' for symbol font
(Font)              `largesymbols' in the math version `bold' on input line 86.

LaTeX Font Info:    Overwriting symbol font `largesymbols' in version `bold'
(Font)                  OMX/lmex/m/n --> LS2/stix2ex/m/n on input line 86.
\symarrows1=\mathgroup9
\symarrows2=\mathgroup10
\symarrows3=\mathgroup11
LaTeX Font Info:    Overwriting symbol font `letters' in version `bold'
(Font)                  LS1/stix2/m/it --> LS1/stix2/b/it on input line 90.
LaTeX Font Info:    Overwriting symbol font `operators' in version `bold'
(Font)                  LS1/stix2/m/n --> LS1/stix2/b/n on input line 91.
LaTeX Font Info:    Overwriting symbol font `symbols' in version `bold'
(Font)                  LS1/stix2scr/m/n --> LS1/stix2scr/b/n on input line 92.

LaTeX Font Info:    Overwriting symbol font `symbols2' in version `bold'
(Font)                  LS1/stix2frak/m/n --> LS1/stix2frak/b/n on input line 9
3.
LaTeX Font Info:    Overwriting symbol font `symbols3' in version `bold'
(Font)                  LS1/stix2bb/m/n --> LS1/stix2bb/b/n on input line 94.
LaTeX Font Info:    Overwriting symbol font `symbols4' in version `bold'
(Font)                  LS1/stix2bb/m/it --> LS1/stix2bb/b/it on input line 95.

LaTeX Font Info:    Overwriting symbol font `integrals' in version `bold'
(Font)                  LS2/stix2cal/m/n --> LS2/stix2cal/b/n on input line 96.

LaTeX Font Info:    Overwriting symbol font `largesymbols' in version `bold'
(Font)                  LS2/stix2ex/m/n --> LS2/stix2ex/b/n on input line 97.
LaTeX Font Info:    Overwriting symbol font `arrows1' in version `bold'
(Font)                  LS1/stix2sf/m/n --> LS1/stix2sf/b/n on input line 98.
LaTeX Font Info:    Overwriting symbol font `arrows2' in version `bold'
(Font)                  LS1/stix2sf/m/it --> LS1/stix2sf/b/it on input line 99.

LaTeX Font Info:    Overwriting symbol font `arrows3' in version `bold'
(Font)                  LS2/stix2tt/m/n --> LS2/stix2tt/b/n on input line 100.
LaTeX Font Info:    Redeclaring math alphabet \mathit on input line 101.
LaTeX Font Info:    Redeclaring math alphabet \mathsf on input line 107.
LaTeX Font Info:    Redeclaring math alphabet \mathtt on input line 109.
LaTeX Font Info:    Redeclaring math alphabet \mathbf on input line 110.
LaTeX Font Info:    Redeclaring math symbol \hbar on input line 226.
LaTeX Font Info:    Redeclaring math accent \grave on input line 697.
LaTeX Font Info:    Redeclaring math accent \acute on input line 698.
LaTeX Font Info:    Redeclaring math accent \hat on input line 699.
LaTeX Font Info:    Redeclaring math accent \tilde on input line 700.
LaTeX Font Info:    Redeclaring math accent \bar on input line 701.
LaTeX Font Info:    Redeclaring math accent \breve on input line 702.
LaTeX Font Info:    Redeclaring math accent \dot on input line 703.
LaTeX Font Info:    Redeclaring math accent \ddot on input line 704.
LaTeX Font Info:    Redeclaring math accent \mathring on input line 706.
LaTeX Font Info:    Redeclaring math accent \check on input line 707.
LaTeX Font Info:    Redeclaring math accent \vec on input line 715.
LaTeX Font Info:    Redeclaring math accent \widehat on input line 727.
LaTeX Font Info:    Redeclaring math accent \widetilde on input line 728.
LaTeX Info: Redefining \vdots on input line 1517.
LaTeX Info: Redefining \cdots on input line 1521.
LaTeX Font Info:    Redeclaring math symbol \mathsterling on input line 1977.
LaTeX Info: Redefining \not on input line 2141.
)
(C:\Users\sumai\AppData\Local\Programs\MiKTeX\tex/latex/parskip\parskip.sty
Package: parskip 2021-03-14 v2.0h non-zero parskip adjustments

(C:\Users\sumai\AppData\Local\Programs\MiKTeX\tex/latex/kvoptions\kvoptions.sty
Package: kvoptions 2022-06-15 v3.15 Key value format for package options (HO)
(C:\Users\sumai\AppData\Local\Programs\MiKTeX\tex/generic/ltxcmds\ltxcmds.sty
Package: ltxcmds 2023-12-04 v1.26 LaTeX kernel commands for general use (HO)
)
(C:\Users\sumai\AppData\Local\Programs\MiKTeX\tex/latex/kvsetkeys\kvsetkeys.sty
Package: kvsetkeys 2022-10-05 v1.19 Key value parser (HO)
))
(C:\Users\sumai\AppData\Local\Programs\MiKTeX\tex/latex/etoolbox\etoolbox.sty
Package: etoolbox 2025/10/02 v2.5m e-TeX tools for LaTeX (JAW)
\etb@tempcnta=\count287
)) (C:\Users\sumai\AppData\Local\Programs\MiKTeX\tex/latex/setspace\setspace.st
y
Package: setspace 2022/12/04 v6.7b set line spacing
) (C:\Users\sumai\AppData\Local\Programs\MiKTeX\tex/latex/floatrow\floatrow.sty
Package: floatrow 2008/08/02 v0.3b floatrow: float package extension

(C:\Users\sumai\AppData\Local\Programs\MiKTeX\tex/latex/caption\caption3.sty
Package: caption3 2023/07/31 v2.4d caption3 kernel (AR)
\caption@tempdima=\dimen157
\captionmargin=\dimen158
\caption@leftmargin=\dimen159
\caption@rightmargin=\dimen160
\caption@width=\dimen161
\caption@indent=\dimen162
\caption@parindent=\dimen163
\caption@hangindent=\dimen164
Package caption Info: Standard document class detected.
)
\c@float@type=\count288
\float@exts=\toks19
\float@box=\box53
\@floatcapt=\box54
Package floatrow Info: Modified float package code loaded on input line 455.
Package floatrow Info: Modified rotfloat package code loaded on input line 473.

\FR@everyfloat=\toks20
\flrow@foot=\insert252
\FB@wd=\dimen165
\FBo@wd=\dimen166
\FBc@wd=\dimen167
\FBo@ht=\skip51
\FBc@ht=\skip52
\FBf@ht=\skip53
\FBo@max=\skip54
\FBc@max=\skip55
\FBf@max=\skip56
\c@FBl@b=\count289
\floatbox@depth=\count290
\c@FRobj=\count291
\c@FRsobj=\count292
\Xhsize=\skip57
\sXhsize=\skip58
\Zhsize=\skip59
\sZhsize=\skip60
\flrow@rowbox=\box55
\FR@Zunitlength=\dimen168
\c@FBcnt=\count293
\FPOScnt=\count294
\LTleft=\skip61
\LTright=\skip62
\LTleft=\skip63
\LTright=\skip64
\flrow@types=\toks21
)
(C:\Users\sumai\AppData\Local\Programs\MiKTeX\tex/latex/graphics\graphicx.sty
Package: graphicx 2024/12/31 v1.2e Enhanced LaTeX Graphics (DPC,SPQR)

(C:\Users\sumai\AppData\Local\Programs\MiKTeX\tex/latex/graphics\graphics.sty
Package: graphics 2024/08/06 v1.4g Standard LaTeX Graphics (DPC,SPQR)

(C:\Users\sumai\AppData\Local\Programs\MiKTeX\tex/latex/graphics\trig.sty
Package: trig 2023/12/02 v1.11 sin cos tan (DPC)
)
(C:\Users\sumai\AppData\Local\Programs\MiKTeX\tex/latex/graphics-cfg\graphics.c
fg
File: graphics.cfg 2016/06/04 v1.11 sample graphics configuration
)
Package graphics Info: Driver file: pdftex.def on input line 106.

(C:\Users\sumai\AppData\Local\Programs\MiKTeX\tex/latex/graphics-def\pdftex.def
File: pdftex.def 2025/09/29 v1.2d Graphics/color driver for pdftex
))
\Gin@req@height=\dimen169
\Gin@req@width=\dimen170
) (C:\Users\sumai\AppData\Local\Programs\MiKTeX\tex/latex/caption\caption.sty
Package: caption 2023/08/05 v3.6o Customizing captions (AR)
\c@caption@flags=\count295
\c@continuedfloat=\count296
Package caption Info: float package is loaded.
Package caption Info: floatrow package is loaded.
Package caption Info: floatrow package is loaded.
)
(C:\Users\sumai\AppData\Local\Programs\MiKTeX\tex/latex/caption\subcaption.sty
Package: subcaption 2023/07/28 v1.6b Sub-captions (AR)
Package caption Info: New subtype `subfigure' on input line 238.
\c@subfigure=\count297
Package caption Info: New subtype `subtable' on input line 238.
\c@subtable=\count298
) (C:\Users\sumai\AppData\Local\Programs\MiKTeX\tex/latex/tools\array.sty
Package: array 2025/06/08 v2.6j Tabular extension package (FMi)
\col@sep=\dimen171
\ar@mcellbox=\box56
\extrarowheight=\dimen172
\NC@list=\toks22
\extratabsurround=\skip65
\backup@length=\skip66
\ar@cellbox=\box57
)
(C:\Users\sumai\AppData\Local\Programs\MiKTeX\tex/latex/booktabs\booktabs.sty
Package: booktabs 2020/01/12 v1.61803398 Publication quality tables
\heavyrulewidth=\dimen173
\lightrulewidth=\dimen174
\cmidrulewidth=\dimen175
\belowrulesep=\dimen176
\belowbottomsep=\dimen177
\aboverulesep=\dimen178
\abovetopsep=\dimen179
\cmidrulesep=\dimen180
\cmidrulekern=\dimen181
\defaultaddspace=\dimen182
\@cmidla=\count299
\@cmidlb=\count300
\@aboverulesep=\dimen183
\@belowrulesep=\dimen184
\@thisruleclass=\count301
\@lastruleclass=\count302
\@thisrulewidth=\dimen185
)
(C:\Users\sumai\AppData\Local\Programs\MiKTeX\tex/latex/amsmath\amsmath.sty
Package: amsmath 2025/06/16 v2.17y AMS math features
\@mathmargin=\skip67

For additional information on amsmath, use the `?' option.
(C:\Users\sumai\AppData\Local\Programs\MiKTeX\tex/latex/amsmath\amstext.sty
Package: amstext 2024/11/17 v2.01 AMS text

(C:\Users\sumai\AppData\Local\Programs\MiKTeX\tex/latex/amsmath\amsgen.sty
File: amsgen.sty 1999/11/30 v2.0 generic functions
\@emptytoks=\toks23
\ex@=\dimen186
))
(C:\Users\sumai\AppData\Local\Programs\MiKTeX\tex/latex/amsmath\amsbsy.sty
Package: amsbsy 1999/11/29 v1.2d Bold Symbols
\pmbraise@=\dimen187
)
(C:\Users\sumai\AppData\Local\Programs\MiKTeX\tex/latex/amsmath\amsopn.sty
Package: amsopn 2022/04/08 v2.04 operator names
)
\inf@bad=\count303
LaTeX Info: Redefining \frac on input line 233.
\uproot@=\count304
\leftroot@=\count305
LaTeX Info: Redefining \overline on input line 398.
LaTeX Info: Redefining \colon on input line 409.
\classnum@=\count306
\DOTSCASE@=\count307
LaTeX Info: Redefining \ldots on input line 495.
LaTeX Info: Redefining \dots on input line 498.
\Mathstrutbox@=\box58
\strutbox@=\box59
LaTeX Info: Redefining \big on input line 721.
LaTeX Info: Redefining \Big on input line 722.
LaTeX Info: Redefining \bigg on input line 723.
LaTeX Info: Redefining \Bigg on input line 724.
\big@size=\dimen188
LaTeX Font Info:    Redeclaring font encoding OML on input line 742.
LaTeX Font Info:    Redeclaring font encoding OMS on input line 743.
\macc@depth=\count308
LaTeX Info: Redefining \bmod on input line 904.
LaTeX Info: Redefining \pmod on input line 909.
LaTeX Info: Redefining \smash on input line 939.
\c@MaxMatrixCols=\count309
\dotsspace@=\muskip17
\c@parentequation=\count310
\dspbrk@lvl=\count311
\tag@help=\toks24
\row@=\count312
\column@=\count313
\maxfields@=\count314
\andhelp@=\toks25
\eqnshift@=\dimen189
\alignsep@=\dimen190
\tagshift@=\dimen191
\tagwidth@=\dimen192
\totwidth@=\dimen193
\lineht@=\dimen194
\@envbody=\toks26
\multlinegap=\skip68
\multlinetaggap=\skip69
\mathdisplay@stack=\toks27
LaTeX Info: Redefining \[ on input line 2949.
LaTeX Info: Redefining \] on input line 2950.
)
(C:\Users\sumai\AppData\Local\Programs\MiKTeX\tex/latex/xfrac\xfrac.sty
Package: xfrac 2024-06-04 Split-level fractions
\l__xfrac_slash_box=\box60
\l__xfrac_tmp_box=\box61
\l__xfrac_denominator_bot_sep_dim=\dimen195
\l__xfrac_numerator_bot_sep_dim=\dimen196
\l__xfrac_numerator_top_sep_dim=\dimen197
\l__xfrac_slash_left_sep_dim=\dimen198
\l__xfrac_slash_right_sep_dim=\dimen199
\l__xfrac_slash_left_muskip=\muskip18
\l__xfrac_slash_right_muskip=\muskip19

LaTeX template Info: Declaring template type 'xfrac' taking 3 argument(s) on
(template)           line 100.


LaTeX template Info: Declaring instance 'cmr' of type xfrac on line 392.


LaTeX template Info: Declaring instance 'cmss' of type xfrac on line 392.


LaTeX template Info: Declaring instance 'cmtt' of type xfrac on line 392.

)
(C:\Users\sumai\AppData\Local\Programs\MiKTeX\tex/latex/listings\listings.sty
\lst@mode=\count315
\lst@gtempboxa=\box62
\lst@token=\toks28
\lst@length=\count316
\lst@currlwidth=\dimen256
\lst@column=\count317
\lst@pos=\count318
\lst@lostspace=\dimen257
\lst@width=\dimen258
\lst@newlines=\count319
\lst@lineno=\count320
\lst@maxwidth=\dimen259

(C:\Users\sumai\AppData\Local\Programs\MiKTeX\tex/latex/listings\lstpatch.sty
File: lstpatch.sty 2024/09/23 1.10c (Carsten Heinz)
)
(C:\Users\sumai\AppData\Local\Programs\MiKTeX\tex/latex/listings\lstmisc.sty
File: lstmisc.sty 2024/09/23 1.10c (Carsten Heinz)
\c@lstnumber=\count321
\lst@skipnumbers=\count322
\lst@framebox=\box63
)
(C:\Users\sumai\AppData\Local\Programs\MiKTeX\tex/latex/listings\listings.cfg
File: listings.cfg 2024/09/23 1.10c listings configuration
))
Package: listings 2024/09/23 1.10c (Carsten Heinz)
(C:\Users\sumai\AppData\Local\Programs\MiKTeX\tex/latex/upquote\upquote.sty
Package: upquote 2012/04/19 v1.3 upright-quote and grave-accent glyphs in verba
tim
)
(C:\Users\sumai\AppData\Local\Programs\MiKTeX\tex/latex/hyperref\hyperref.sty
Package: hyperref 2025-07-12 v7.01o Hypertext links for LaTeX

(C:\Users\sumai\AppData\Local\Programs\MiKTeX\tex/generic/kvdefinekeys\kvdefine
keys.sty
Package: kvdefinekeys 2019-12-19 v1.6 Define keys (HO)
)
(C:\Users\sumai\AppData\Local\Programs\MiKTeX\tex/generic/pdfescape\pdfescape.s
ty
Package: pdfescape 2019/12/09 v1.15 Implements pdfTeX's escape features (HO)

(C:\Users\sumai\AppData\Local\Programs\MiKTeX\tex/generic/pdftexcmds\pdftexcmds
.sty
Package: pdftexcmds 2020-06-27 v0.33 Utility functions of pdfTeX for LuaTeX (HO
)

(C:\Users\sumai\AppData\Local\Programs\MiKTeX\tex/generic/infwarerr\infwarerr.s
ty
Package: infwarerr 2019/12/03 v1.5 Providing info/warning/error messages (HO)
)
Package pdftexcmds Info: \pdf@primitive is available.
Package pdftexcmds Info: \pdf@ifprimitive is available.
Package pdftexcmds Info: \pdfdraftmode found.
))
(C:\Users\sumai\AppData\Local\Programs\MiKTeX\tex/latex/hycolor\hycolor.sty
Package: hycolor 2020-01-27 v1.10 Color options for hyperref/bookmark (HO)
)
(C:\Users\sumai\AppData\Local\Programs\MiKTeX\tex/latex/hyperref\nameref.sty
Package: nameref 2025-06-21 v2.57 Cross-referencing by name of section

(C:\Users\sumai\AppData\Local\Programs\MiKTeX\tex/latex/refcount\refcount.sty
Package: refcount 2019/12/15 v3.6 Data extraction from label references (HO)
)
(C:\Users\sumai\AppData\Local\Programs\MiKTeX\tex/generic/gettitlestring\gettit
lestring.sty
Package: gettitlestring 2019/12/15 v1.6 Cleanup title references (HO)
)
\c@section@level=\count323
)
(C:\Users\sumai\AppData\Local\Programs\MiKTeX\tex/generic/stringenc\stringenc.s
ty
Package: stringenc 2019/11/29 v1.12 Convert strings between diff. encodings (HO
)
)
\@linkdim=\dimen260
\Hy@linkcounter=\count324
\Hy@pagecounter=\count325
 (C:\Users\sumai\AppData\Local\Programs\MiKTeX\tex/latex/hyperref\pd1enc.def
File: pd1enc.def 2025-07-12 v7.01o Hyperref: PDFDocEncoding definition (HO)
Now handling font encoding PD1 ...
... no UTF-8 mapping file for font encoding PD1
) (C:\Users\sumai\AppData\Local\Programs\MiKTeX\tex/generic/intcalc\intcalc.sty
Package: intcalc 2019/12/15 v1.3 Expandable calculations with integers (HO)
)
\Hy@SavedSpaceFactor=\count326
 (C:\Users\sumai\AppData\Local\Programs\MiKTeX\tex/latex/hyperref\puenc.def
File: puenc.def 2025-07-12 v7.01o Hyperref: PDF Unicode definition (HO)
Now handling font encoding PU ...
... no UTF-8 mapping file for font encoding PU
)
Package hyperref Info: Hyper figures OFF on input line 4195.
Package hyperref Info: Link nesting OFF on input line 4200.
Package hyperref Info: Hyper index ON on input line 4203.
Package hyperref Info: Plain pages OFF on input line 4210.
Package hyperref Info: Backreferencing OFF on input line 4215.
Package hyperref Info: Implicit mode ON; LaTeX internals redefined.
Package hyperref Info: Bookmarks ON on input line 4462.
\c@Hy@tempcnt=\count327

(C:\Users\sumai\AppData\Local\Programs\MiKTeX\tex/latex/url\url.sty
\Urlmuskip=\muskip20
Package: url 2013/09/16  ver 3.4  Verb mode for urls, etc.
)
LaTeX Info: Redefining \url on input line 4801.
\XeTeXLinkMargin=\dimen261

(C:\Users\sumai\AppData\Local\Programs\MiKTeX\tex/generic/bitset\bitset.sty
Package: bitset 2019/12/09 v1.3 Handle bit-vector datatype (HO)

(C:\Users\sumai\AppData\Local\Programs\MiKTeX\tex/generic/bigintcalc\bigintcalc
.sty
Package: bigintcalc 2019/12/15 v1.5 Expandable calculations on big integers (HO
)
))
\Fld@menulength=\count328
\Field@Width=\dimen262
\Fld@charsize=\dimen263
Package hyperref Info: Hyper figures OFF on input line 6078.
Package hyperref Info: Link nesting OFF on input line 6083.
Package hyperref Info: Hyper index ON on input line 6086.
Package hyperref Info: backreferencing OFF on input line 6093.
Package hyperref Info: Link coloring OFF on input line 6098.
Package hyperref Info: Link coloring with OCG OFF on input line 6103.
Package hyperref Info: PDF/A mode OFF on input line 6108.
\Hy@abspage=\count329
\c@Item=\count330
\c@Hfootnote=\count331
)
Package hyperref Info: Driver (autodetected): hpdftex.

(C:\Users\sumai\AppData\Local\Programs\MiKTeX\tex/latex/hyperref\hpdftex.def
File: hpdftex.def 2025-07-12 v7.01o Hyperref driver for pdfTeX
\Fld@listcount=\count332
\c@bookmark@seq@number=\count333

(C:\Users\sumai\AppData\Local\Programs\MiKTeX\tex/latex/rerunfilecheck\rerunfil
echeck.sty
Package: rerunfilecheck 2025-06-21 v1.11 Rerun checks for auxiliary files (HO)

(C:\Users\sumai\AppData\Local\Programs\MiKTeX\tex/generic/uniquecounter\uniquec
ounter.sty
Package: uniquecounter 2019/12/15 v1.4 Provide unlimited unique counter (HO)
)
Package uniquecounter Info: New unique counter `rerunfilecheck' on input line 2
84.
)
\Hy@SectionHShift=\skip70
)
(C:\Users\sumai\AppData\Local\Programs\MiKTeX\tex/latex/biblatex\biblatex.sty
Package: biblatex 2025/07/10 v3.21 programmable bibliographies (PK/MW)

(C:\Users\sumai\AppData\Local\Programs\MiKTeX\tex/latex/logreq\logreq.sty
Package: logreq 2010/08/04 v1.0 xml request logger
\lrq@indent=\count334

(C:\Users\sumai\AppData\Local\Programs\MiKTeX\tex/latex/logreq\logreq.def
File: logreq.def 2010/08/04 v1.0 logreq spec v1.0
))
(C:\Users\sumai\AppData\Local\Programs\MiKTeX\tex/latex/base\ifthen.sty
Package: ifthen 2024/03/16 v1.1e Standard LaTeX ifthen package (DPC)
)
\c@tabx@nest=\count335
\c@listtotal=\count336
\c@listcount=\count337
\c@liststart=\count338
\c@liststop=\count339
\c@citecount=\count340
\c@citetotal=\count341
\c@multicitecount=\count342
\c@multicitetotal=\count343
\c@instcount=\count344
\c@maxnames=\count345
\c@minnames=\count346
\c@maxitems=\count347
\c@minitems=\count348
\c@citecounter=\count349
\c@maxcitecounter=\count350
\c@savedcitecounter=\count351
\c@uniquelist=\count352
\c@uniquename=\count353
\c@refsection=\count354
\c@refsegment=\count355
\c@maxextratitle=\count356
\c@maxextratitleyear=\count357
\c@maxextraname=\count358
\c@maxextradate=\count359
\c@maxextraalpha=\count360
\c@abbrvpenalty=\count361
\c@highnamepenalty=\count362
\c@lownamepenalty=\count363
\c@maxparens=\count364
\c@parenlevel=\count365
\blx@tempcnta=\count366
\blx@tempcntb=\count367
\blx@tempcntc=\count368
\c@blx@maxsection=\count369
\blx@maxsegment@0=\count370
\blx@notetype=\count371
\blx@parenlevel@text=\count372
\blx@parenlevel@foot=\count373
\blx@sectionciteorder@0=\count374
\blx@sectionciteorderinternal@0=\count375
\blx@entrysetcounter=\count376
\blx@biblioinstance=\count377
\labelnumberwidth=\skip71
\labelalphawidth=\skip72
\biblabelsep=\skip73
\bibitemsep=\skip74
\bibnamesep=\skip75
\bibinitsep=\skip76
\bibparsep=\skip77
\bibhang=\skip78
\blx@bcfin=\read2
\blx@bcfout=\write3
\blx@langwohyphens=\language79
\c@mincomprange=\count378
\c@maxcomprange=\count379
\c@mincompwidth=\count380
Package biblatex Info: Trying to load biblatex default data model...
Package biblatex Info: ... file 'blx-dm.def' found.

(C:\Users\sumai\AppData\Local\Programs\MiKTeX\tex/latex/biblatex\blx-dm.def
File: blx-dm.def 2025/07/10 v3.21 biblatex datamodel (PK/MW)
)
Package biblatex Info: Trying to load biblatex style data model...
Package biblatex Info: ... file 'ieee.dbx' not found.
Package biblatex Info: Trying to load biblatex custom data model...
Package biblatex Info: ... file 'biblatex-dm.cfg' not found.
\c@afterword=\count381
\c@savedafterword=\count382
\c@annotator=\count383
\c@savedannotator=\count384
\c@author=\count385
\c@savedauthor=\count386
\c@bookauthor=\count387
\c@savedbookauthor=\count388
\c@commentator=\count389
\c@savedcommentator=\count390
\c@editor=\count391
\c@savededitor=\count392
\c@editora=\count393
\c@savededitora=\count394
\c@editorb=\count395
\c@savededitorb=\count396
\c@editorc=\count397
\c@savededitorc=\count398
\c@foreword=\count399
\c@savedforeword=\count400
\c@holder=\count401
\c@savedholder=\count402
\c@introduction=\count403
\c@savedintroduction=\count404
\c@namea=\count405
\c@savednamea=\count406
\c@nameb=\count407
\c@savednameb=\count408
\c@namec=\count409
\c@savednamec=\count410
\c@translator=\count411
\c@savedtranslator=\count412
\c@shortauthor=\count413
\c@savedshortauthor=\count414
\c@shorteditor=\count415
\c@savedshorteditor=\count416
\c@labelname=\count417
\c@savedlabelname=\count418
\c@institution=\count419
\c@savedinstitution=\count420
\c@lista=\count421
\c@savedlista=\count422
\c@listb=\count423
\c@savedlistb=\count424
\c@listc=\count425
\c@savedlistc=\count426
\c@listd=\count427
\c@savedlistd=\count428
\c@liste=\count429
\c@savedliste=\count430
\c@listf=\count431
\c@savedlistf=\count432
\c@location=\count433
\c@savedlocation=\count434
\c@organization=\count435
\c@savedorganization=\count436
\c@origlocation=\count437
\c@savedoriglocation=\count438
\c@origpublisher=\count439
\c@savedorigpublisher=\count440
\c@publisher=\count441
\c@savedpublisher=\count442
\c@language=\count443
\c@savedlanguage=\count444
\c@origlanguage=\count445
\c@savedoriglanguage=\count446
\c@pageref=\count447
\c@savedpageref=\count448
\shorthandwidth=\skip79
\shortjournalwidth=\skip80
\shortserieswidth=\skip81
\shorttitlewidth=\skip82
\shortauthorwidth=\skip83
\shorteditorwidth=\skip84
\locallabelnumberwidth=\skip85
\locallabelalphawidth=\skip86
\localshorthandwidth=\skip87
\localshortjournalwidth=\skip88
\localshortserieswidth=\skip89
\localshorttitlewidth=\skip90
\localshortauthorwidth=\skip91
\localshorteditorwidth=\skip92
Package biblatex Info: Trying to load compatibility code...
Package biblatex Info: ... file 'blx-compat.def' found.

(C:\Users\sumai\AppData\Local\Programs\MiKTeX\tex/latex/biblatex\blx-compat.def
File: blx-compat.def 2025/07/10 v3.21 biblatex compatibility (PK/MW)
)
Package biblatex Info: Trying to load generic definitions...
Package biblatex Info: ... file 'biblatex.def' found.
 (C:\Users\sumai\AppData\Local\Programs\MiKTeX\tex/latex/biblatex\biblatex.def
File: biblatex.def 2025/07/10 v3.21 biblatex compatibility (PK/MW)
\c@textcitecount=\count449
\c@textcitetotal=\count450
\c@textcitemaxnames=\count451
\c@biburlbigbreakpenalty=\count452
\c@biburlbreakpenalty=\count453
\c@biburlnumpenalty=\count454
\c@biburlucpenalty=\count455
\c@biburllcpenalty=\count456
\biburlbigskip=\muskip21
\biburlnumskip=\muskip22
\biburlucskip=\muskip23
\biburllcskip=\muskip24
\c@smartand=\count457
)
Package biblatex Info: Trying to load bibliography style 'ieee'...
Package biblatex Info: ... file 'ieee.bbx' found.

(C:\Users\sumai\AppData\Local\Programs\MiKTeX\tex/latex/biblatex-ieee\ieee.bbx
File: ieee.bbx 2025-08-01 v1.4f biblatex bibliography style
Package biblatex Info: Trying to load bibliography style 'numeric-comp'...
Package biblatex Info: ... file 'numeric-comp.bbx' found.

(C:\Users\sumai\AppData\Local\Programs\MiKTeX\tex/latex/biblatex/bbx\numeric-co
mp.bbx
File: numeric-comp.bbx 2025/07/10 v3.21 biblatex bibliography style (PK/MW)
Package biblatex Info: Trying to load bibliography style 'numeric'...
Package biblatex Info: ... file 'numeric.bbx' found.

(C:\Users\sumai\AppData\Local\Programs\MiKTeX\tex/latex/biblatex/bbx\numeric.bb
x
File: numeric.bbx 2025/07/10 v3.21 biblatex bibliography style (PK/MW)
Package biblatex Info: Trying to load bibliography style 'standard'...
Package biblatex Info: ... file 'standard.bbx' found.

(C:\Users\sumai\AppData\Local\Programs\MiKTeX\tex/latex/biblatex/bbx\standard.b
bx
File: standard.bbx 2025/07/10 v3.21 biblatex bibliography style (PK/MW)
\c@bbx:relatedcount=\count458
\c@bbx:relatedtotal=\count459
))))
Package biblatex Info: Trying to load citation style 'ieee'...
Package biblatex Info: ... file 'ieee.cbx' found.

(C:\Users\sumai\AppData\Local\Programs\MiKTeX\tex/latex/biblatex-ieee\ieee.cbx
File: ieee.cbx 2025-08-01 v1.4f biblatex citation style
Package biblatex Info: Trying to load citation style 'numeric-verb'...
Package biblatex Info: ... file 'numeric-verb.cbx' found.

(C:\Users\sumai\AppData\Local\Programs\MiKTeX\tex/latex/biblatex/cbx\numeric-ve
rb.cbx
File: numeric-verb.cbx 2025/07/10 v3.21 biblatex citation style (PK/MW)
Package biblatex Info: Redefining '\cite'.
Package biblatex Info: Redefining '\parencite'.
Package biblatex Info: Redefining '\footcite'.
Package biblatex Info: Redefining '\footcitetext'.
Package biblatex Info: Redefining '\smartcite'.
Package biblatex Info: Redefining '\textcite'.
Package biblatex Info: Redefining '\supercite'.
Package biblatex Info: Redefining '\parencites'.
Package biblatex Info: Redefining '\smartcites'.
Package biblatex Info: Redefining '\textcites'.
))
Package biblatex Info: Trying to load configuration file...
Package biblatex Info: ... file 'biblatex.cfg' found.

(C:\Users\sumai\AppData\Local\Programs\MiKTeX\tex/latex/biblatex\biblatex.cfg
File: biblatex.cfg 
)
Package biblatex Info: Input encoding 'utf8' detected.
Package biblatex Info: Document encoding is UTF8 ....

(C:\Users\sumai\AppData\Local\Programs\MiKTeX\tex/latex/l3kernel\expl3.sty
Package: expl3 2025-09-02 L3 programming layer (loader) 

(C:\Users\sumai\AppData\Local\Programs\MiKTeX\tex/latex/l3backend\l3backend-pdf
tex.def
File: l3backend-pdftex.def 2025-06-09 L3 backend support: PDF output (pdfTeX)
\l__color_backend_stack_int=\count460
))
Package biblatex Info: ... and expl3
(biblatex)             2025-09-02 L3 programming layer (loader) 
(biblatex)             is new enough (at least 2020/04/06),
(biblatex)             setting 'casechanger=expl3'.

(C:\Users\sumai\AppData\Local\Programs\MiKTeX\tex/latex/biblatex\blx-case-expl3
.sty
(C:\Users\sumai\AppData\Local\Programs\MiKTeX\tex/latex/l3packages/xparse\xpars
e.sty
Package: xparse 2024-08-16 L3 Experimental document command parser
)
Package: blx-case-expl3 2025/07/10 v3.21 expl3 case changing code for biblatex
)) (personnelhandler.sty
Package: personnelhandler 2023/06/21 v0.5 LaTeX package for multiple author (st
udent) management for IUT BSc Thesis Template

(C:\Users\sumai\AppData\Local\Programs\MiKTeX\tex/latex/pgf/utilities\pgffor.st
y
(C:\Users\sumai\AppData\Local\Programs\MiKTeX\tex/latex/pgf/utilities\pgfrcs.st
y
(C:\Users\sumai\AppData\Local\Programs\MiKTeX\tex/generic/pgf/utilities\pgfutil
-common.tex
\pgfutil@everybye=\toks29
\pgfutil@tempdima=\dimen264
\pgfutil@tempdimb=\dimen265
)
(C:\Users\sumai\AppData\Local\Programs\MiKTeX\tex/generic/pgf/utilities\pgfutil
-latex.def
\pgfutil@abb=\box64
)
(C:\Users\sumai\AppData\Local\Programs\MiKTeX\tex/generic/pgf/utilities\pgfrcs.
code.tex
(C:\Users\sumai\AppData\Local\Programs\MiKTeX\tex/generic/pgf\pgf.revision.tex)
Package: pgfrcs 2025-08-29 v3.1.11a (3.1.11a)
))
(C:\Users\sumai\AppData\Local\Programs\MiKTeX\tex/latex/pgf/utilities\pgfkeys.s
ty
(C:\Users\sumai\AppData\Local\Programs\MiKTeX\tex/generic/pgf/utilities\pgfkeys
.code.tex
\pgfkeys@pathtoks=\toks30
\pgfkeys@temptoks=\toks31

(C:\Users\sumai\AppData\Local\Programs\MiKTeX\tex/generic/pgf/utilities\pgfkeys
libraryfiltered.code.tex
\pgfkeys@tmptoks=\toks32
)))
(C:\Users\sumai\AppData\Local\Programs\MiKTeX\tex/latex/pgf/math\pgfmath.sty
(C:\Users\sumai\AppData\Local\Programs\MiKTeX\tex/generic/pgf/math\pgfmath.code
.tex
(C:\Users\sumai\AppData\Local\Programs\MiKTeX\tex/generic/pgf/math\pgfmathutil.
code.tex
\pgf@x=\dimen266
\pgf@xa=\dimen267
\pgf@xb=\dimen268
\pgf@xc=\dimen269
\pgf@y=\dimen270
\pgf@ya=\dimen271
\pgf@yb=\dimen272
\pgf@yc=\dimen273
\c@pgf@counta=\count461
\c@pgf@countb=\count462
\c@pgf@countc=\count463
\c@pgf@countd=\count464
)
(C:\Users\sumai\AppData\Local\Programs\MiKTeX\tex/generic/pgf/math\pgfmathparse
r.code.tex
\pgfmath@dimen=\dimen274
\pgfmath@count=\count465
\pgfmath@box=\box65
\pgfmath@toks=\toks33
\pgfmath@stack@operand=\toks34
\pgfmath@stack@operation=\toks35
)
(C:\Users\sumai\AppData\Local\Programs\MiKTeX\tex/generic/pgf/math\pgfmathfunct
ions.code.tex)
(C:\Users\sumai\AppData\Local\Programs\MiKTeX\tex/generic/pgf/math\pgfmathfunct
ions.basic.code.tex)
(C:\Users\sumai\AppData\Local\Programs\MiKTeX\tex/generic/pgf/math\pgfmathfunct
ions.trigonometric.code.tex)
(C:\Users\sumai\AppData\Local\Programs\MiKTeX\tex/generic/pgf/math\pgfmathfunct
ions.random.code.tex)
(C:\Users\sumai\AppData\Local\Programs\MiKTeX\tex/generic/pgf/math\pgfmathfunct
ions.comparison.code.tex)
(C:\Users\sumai\AppData\Local\Programs\MiKTeX\tex/generic/pgf/math\pgfmathfunct
ions.base.code.tex)
(C:\Users\sumai\AppData\Local\Programs\MiKTeX\tex/generic/pgf/math\pgfmathfunct
ions.round.code.tex)
(C:\Users\sumai\AppData\Local\Programs\MiKTeX\tex/generic/pgf/math\pgfmathfunct
ions.misc.code.tex)
(C:\Users\sumai\AppData\Local\Programs\MiKTeX\tex/generic/pgf/math\pgfmathfunct
ions.integerarithmetics.code.tex)
(C:\Users\sumai\AppData\Local\Programs\MiKTeX\tex/generic/pgf/math\pgfmathcalc.
code.tex)
(C:\Users\sumai\AppData\Local\Programs\MiKTeX\tex/generic/pgf/math\pgfmathfloat
.code.tex
\c@pgfmathroundto@lastzeros=\count466
)))
(C:\Users\sumai\AppData\Local\Programs\MiKTeX\tex/generic/pgf/utilities\pgffor.
code.tex
Package: pgffor 2025-08-29 v3.1.11a (3.1.11a)
\pgffor@iter=\dimen275
\pgffor@skip=\dimen276
\pgffor@stack=\toks36
\pgffor@toks=\toks37
))
(C:\Users\sumai\AppData\Local\Programs\MiKTeX\tex/latex/xstring\xstring.sty
(C:\Users\sumai\AppData\Local\Programs\MiKTeX\tex/generic/xstring\xstring.tex
\xs_counta=\count467
\xs_countb=\count468
)
Package: xstring 2023/08/22 v1.86 String manipulations (CT)
)
\c@authorcounter=\count469
\c@cosupervisorcounter=\count470
)
\c@savepage=\count471
 (frontmatter.sty
Package: frontmatter 2023/06/21 v0.1 LaTeX package to work with iutbscthesis cl
ass and provide commands for generating front matter texts
\authcolwidth=\skip93
))
(C:\Users\sumai\AppData\Local\Programs\MiKTeX\tex/latex/appendix\appendix.sty
Package: appendix 2020/02/08 v1.2c extra appendix facilities
\c@@pps=\count472
\c@@ppsavesec=\count473
\c@@ppsaveapp=\count474
)
(C:\Users\sumai\AppData\Local\Programs\MiKTeX\tex/latex/amsfonts\amssymb.sty
Package: amssymb 2013/01/14 v3.01 AMS font symbols

(C:\Users\sumai\AppData\Local\Programs\MiKTeX\tex/latex/amsfonts\amsfonts.sty
Package: amsfonts 2013/01/14 v3.01 Basic AMSFonts support
\symAMSa=\mathgroup12
\symAMSb=\mathgroup13
)

Package amssymb Warning: The 'amssymb' package is redundant when you are using 
the 'stix' package, so I'm not going to load amssymb.

)
\@quotelevel=\count475
\@quotereset=\count476
LaTeX Font Info:    Trying to load font information for T1+stix2 on input line 
23.

(C:\Users\sumai\AppData\Local\Programs\MiKTeX\tex/fonts/stix2-type1\t1stix2.fd
File: t1stix2.fd 2018/04/02 v2.0.0-latex stix2 T1 font definitions
) (main.aux)
\openout1 = `main.aux'.

LaTeX Font Info:    Checking defaults for OML/cmm/m/it on input line 23.
LaTeX Font Info:    ... okay on input line 23.
LaTeX Font Info:    Checking defaults for OMS/cmsy/m/n on input line 23.
LaTeX Font Info:    ... okay on input line 23.
LaTeX Font Info:    Checking defaults for OT1/cmr/m/n on input line 23.
LaTeX Font Info:    ... okay on input line 23.
LaTeX Font Info:    Checking defaults for T1/cmr/m/n on input line 23.
LaTeX Font Info:    ... okay on input line 23.
LaTeX Font Info:    Checking defaults for TS1/cmr/m/n on input line 23.
LaTeX Font Info:    ... okay on input line 23.
LaTeX Font Info:    Checking defaults for OMX/cmex/m/n on input line 23.
LaTeX Font Info:    ... okay on input line 23.
LaTeX Font Info:    Checking defaults for U/cmr/m/n on input line 23.
LaTeX Font Info:    ... okay on input line 23.
LaTeX Font Info:    Checking defaults for LS1/stix2/m/n on input line 23.
LaTeX Font Info:    Trying to load font information for LS1+stix2 on input line
 23.

(C:\Users\sumai\AppData\Local\Programs\MiKTeX\tex/fonts/stix2-type1\ls1stix2.fd
File: ls1stix2.fd 2018/04/02 v2.0.0-latex stix2 LS1 font definitions
)
LaTeX Font Info:    ... okay on input line 23.
LaTeX Font Info:    Checking defaults for LS2/stix2/m/n on input line 23.
LaTeX Font Info:    Trying to load font information for LS2+stix2 on input line
 23.

(C:\Users\sumai\AppData\Local\Programs\MiKTeX\tex/fonts/stix2-type1\ls2stix2.fd
File: ls2stix2.fd 2018/04/02 v2.0.0-latex stix2 LS2 font definitions
)
LaTeX Font Info:    ... okay on input line 23.
LaTeX Font Info:    Checking defaults for PD1/pdf/m/n on input line 23.
LaTeX Font Info:    ... okay on input line 23.
LaTeX Font Info:    Checking defaults for PU/pdf/m/n on input line 23.
LaTeX Font Info:    ... okay on input line 23.

*geometry* driver: auto-detecting
*geometry* detected driver: pdftex
*geometry* verbose mode - [ preamble ] result:
* driver: pdftex
* paper: <default>
* layout: <same size as paper>
* layoutoffset:(h,v)=(0.0pt,0.0pt)
* modes: 
* h-part:(L,W,R)=(99.58464pt, 426.79135pt, 71.13188pt)
* v-part:(T,H,B)=(85.35826pt, 674.33032pt, 85.35826pt)
* \paperwidth=597.50787pt
* \paperheight=845.04684pt
* \textwidth=426.79135pt
* \textheight=674.33032pt
* \oddsidemargin=27.31465pt
* \evensidemargin=27.31465pt
* \topmargin=-23.91173pt
* \headheight=12.0pt
* \headsep=25.0pt
* \topskip=12.0pt
* \footskip=30.0pt
* \marginparwidth=35.0pt
* \marginparsep=10.0pt
* \columnsep=10.0pt
* \skip\footins=10.8pt plus 4.0pt minus 2.0pt
* \hoffset=0.0pt
* \voffset=0.0pt
* \mag=1000
* \@twocolumnfalse
* \@twosidefalse
* \@mparswitchfalse
* \@reversemarginfalse
* (1in=72.27pt=25.4mm, 1cm=28.453pt)

Package caption Info: Begin \AtBeginDocument code.
Package caption Info: hyperref package is loaded.
Package caption Info: listings package is loaded.
Package caption Info: End \AtBeginDocument code.
(C:\Users\sumai\AppData\Local\Programs\MiKTeX\tex/latex/graphics\color.sty
Package: color 2025/01/14 v1.3e Standard LaTeX Color (DPC)

(C:\Users\sumai\AppData\Local\Programs\MiKTeX\tex/latex/graphics-cfg\color.cfg
File: color.cfg 2016/01/02 v1.6 sample color configuration
)
Package color Info: Driver file: pdftex.def on input line 149.
(C:\Users\sumai\AppData\Local\Programs\MiKTeX\tex/latex/graphics\mathcolor.ltx)
)
(C:\Users\sumai\AppData\Local\Programs\MiKTeX\tex/context/base/mkii\supp-pdf.mk
ii
[Loading MPS to PDF converter (version 2006.09.02).]
\scratchcounter=\count477
\scratchdimen=\dimen277
\scratchbox=\box66
\nofMPsegments=\count478
\nofMParguments=\count479
\everyMPshowfont=\toks38
\MPscratchCnt=\count480
\MPscratchDim=\dimen278
\MPnumerator=\count481
\makeMPintoPDFobject=\count482
\everyMPtoPDFconversion=\toks39
)
(C:\Users\sumai\AppData\Local\Programs\MiKTeX\tex/latex/epstopdf-pkg\epstopdf-b
ase.sty
Package: epstopdf-base 2020-01-24 v2.11 Base part for package epstopdf
Package epstopdf-base Info: Redefining graphics rule for `.eps' on input line 4
85.

(C:\Users\sumai\AppData\Local\Programs\MiKTeX\tex/latex/00miktex\epstopdf-sys.c
fg
File: epstopdf-sys.cfg 2021/03/18 v2.0 Configuration of epstopdf for MiKTeX
))
LaTeX Info: Command `\dddot' is already robust on input line 23.
LaTeX Info: Command `\ddddot' is already robust on input line 23.
\c@lstlisting=\count483
Package hyperref Info: Link coloring OFF on input line 23.
 (main.out) (main.out)
\@outlinefile=\write4
\openout4 = `main.out'.

Package biblatex Info: Trying to load language 'english'...
Package biblatex Info: ... file 'english.lbx' found.

(C:\Users\sumai\AppData\Local\Programs\MiKTeX\tex/latex/biblatex/lbx\english.lb
x
File: english.lbx 2025/07/10 v3.21 biblatex localization (PK/MW)
)
Package biblatex Info: Input encoding 'utf8' detected.
Package biblatex Info: Automatic encoding selection.
(biblatex)             Assuming data encoding 'utf8'.
\openout3 = `main.bcf'.

Package biblatex Info: Trying to load bibliographic data...
Package biblatex Info: ... file 'main.bbl' not found.

No file main.bbl.
Package biblatex Info: Reference section=0 on input line 23.
Package biblatex Info: Reference segment=0 on input line 23.


[1

{C:/Users/sumai/AppData/Local/MiKTeX/fonts/map/pdftex/pdftex.map}{C:/Users/suma
i/AppData/Local/Programs/MiKTeX/fonts/enc/dvips/stix2-type1/stix2-t1.enc}]

[1

]
LaTeX Font Info:    Trying to load font information for LS1+stix2scr on input l
ine 31.

(C:\Users\sumai\AppData\Local\Programs\MiKTeX\tex/fonts/stix2-type1\ls1stix2scr
.fd
File: ls1stix2scr.fd 2018/04/02 v2.0.0-latex stix2 script LS1 font definitions
)
LaTeX Font Info:    Trying to load font information for LS2+stix2ex on input li
ne 31.

(C:\Users\sumai\AppData\Local\Programs\MiKTeX\tex/fonts/stix2-type1\ls2stix2ex.
fd
File: ls2stix2ex.fd 2018/04/02 v2.0.0-latex stix2 extentions LS2 font definitio
ns
)
LaTeX Font Info:    Trying to load font information for LS1+stix2frak on input 
line 31.

(C:\Users\sumai\AppData\Local\Programs\MiKTeX\tex/fonts/stix2-type1\ls1stix2fra
k.fd
File: ls1stix2frak.fd 2018/04/02 v2.0.0-latex stix2 fraktur LS1 font definition
s
)
LaTeX Font Info:    Trying to load font information for LS1+stix2bb on input li
ne 31.

(C:\Users\sumai\AppData\Local\Programs\MiKTeX\tex/fonts/stix2-type1\ls1stix2bb.
fd
File: ls1stix2bb.fd 2018/04/02 v2.0.0-latex stix2 blackboard LS1 font definitio
ns
)
LaTeX Font Info:    Trying to load font information for LS2+stix2cal on input l
ine 31.

(C:\Users\sumai\AppData\Local\Programs\MiKTeX\tex/fonts/stix2-type1\ls2stix2cal
.fd
File: ls2stix2cal.fd 2018/04/02 v2.0.0-latex stix2 calligraphic LS2 font defini
tions
)
LaTeX Font Info:    Trying to load font information for LS1+stix2sf on input li
ne 31.

(C:\Users\sumai\AppData\Local\Programs\MiKTeX\tex/fonts/stix2-type1\ls1stix2sf.
fd
File: ls1stix2sf.fd 2018/04/02 v2.0.0-latex stix2 sans-serif LS1 font definitio
ns
)
LaTeX Font Info:    Trying to load font information for LS2+stix2tt on input li
ne 31.

(C:\Users\sumai\AppData\Local\Programs\MiKTeX\tex/fonts/stix2-type1\ls2stix2tt.
fd
File: ls2stix2tt.fd 2018/04/02 v2.0.0-latex stix2 typewriter LS2 font definitio
ns
)
LaTeX Font Info:    Trying to load font information for U+msa on input line 31.

 (C:\Users\sumai\AppData\Local\Programs\MiKTeX\tex/latex/amsfonts\umsa.fd
File: umsa.fd 2013/01/14 v3.01 AMS symbols A
)
LaTeX Font Info:    Trying to load font information for U+msb on input line 31.


(C:\Users\sumai\AppData\Local\Programs\MiKTeX\tex/latex/amsfonts\umsb.fd
File: umsb.fd 2013/01/14 v3.01 AMS symbols B
)
Overfull \hbox (24.0pt too wide) in paragraph at lines 31--31
 [][] 
 []



[2

]

[3

] (main.toc

[4


]

[5])
\tf@toc=\write5
\openout5 = `main.toc'.



[6] (main.lof
Overfull \hbox (0.14552pt too wide) in paragraph at lines 5--5
 \T1/stix2/m/n/12 adapter ma-tri-ces are much smaller than the frozen base weig
hts, which 
 []

)
\tf@lof=\write6
\openout6 = `main.lof'.



[7

{C:/Users/sumai/AppData/Local/Programs/MiKTeX/fonts/enc/dvips/stix2-type1/stix2
-mathit.enc}{C:/Users/sumai/AppData/Local/Programs/MiKTeX/fonts/enc/dvips/stix2
-type1/stix2-mathrm.enc}] (main.lot
Overfull \hbox (2.64536pt too wide) in paragraph at lines 8--8
 [][] [][]\T1/stix2/m/n/12 Comparison be-tween the full Chart-RVR train-ing set
 and the first 1,000- 
 []


Overfull \hbox (2.17744pt too wide) in paragraph at lines 12--12
 \T1/stix2/m/n/12 par-i-son is di-ag-nos-tic be-cause OOD eval-u-a-tion was com
-pleted for GRPO 
 []

)
\tf@lot=\write7
\openout7 = `main.lot'.



[8

]

[9

]

[10

]

[11

]
Chapter 1.


[1


]
Overfull \hbox (3.9123pt too wide) in paragraph at lines 96--97
\T1/stix2/m/n/12 Reinforcement learn-ing op-ti-mizes a pol-icy by max-i-miz-ing
 cu-mu-la-tive re-wards through
 []



[2{C:/Users/sumai/AppData/Local/Programs/MiKTeX/fonts/enc/dvips/stix2-type1/sti
x2-mathsf.enc}]

LaTeX Warning: Citation 'shao2024deepseekmath' on page 3 undefined on input lin
e 104.


LaTeX Warning: Citation 'zhu2025rlvrdecomposed' on page 3 undefined on input li
ne 106.


LaTeX Warning: Citation 'zhu2025rlvrdecomposed' on page 3 undefined on input li
ne 108.


Overfull \hbox (14.32594pt too wide) in paragraph at lines 118--119
[]\T1/stix2/m/n/12 Compare ex-plicit di-ver-sity pro-mo-tion through HCPC with 
im-plicit di-ver-sity preser-
 []



[3]

LaTeX Warning: Citation 'sinha2025chartrvr' on page 4 undefined on input line 1
27.


LaTeX Warning: Citation 'wen2025rlvr' on page 4 undefined on input line 127.


LaTeX Warning: Citation 'wen2025rlvr' on page 4 undefined on input line 129.


LaTeX Warning: Citation 'zhu2025rlvrdecomposed' on page 4 undefined on input li
ne 129.


LaTeX Warning: Citation 'zhu2025rlvrdecomposed' on page 4 undefined on input li
ne 131.


LaTeX Warning: Citation 'sinha2025chartrvr' on page 4 undefined on input line 1
31.


LaTeX Warning: Citation 'sinha2025chartrvr' on page 4 undefined on input line 1
33.


Overfull \hbox (0.38423pt too wide) in paragraph at lines 133--134
[]\T1/stix2/b/n/12 Flat re-ward de-sign. \T1/stix2/m/n/12 Ex-ist-ing re-ward fr
ame-works treat all rea-son-ing lev-els uni-formly,
 []


Overfull \hbox (62.90648pt too wide) in paragraph at lines 133--134
\T1/stix2/m/n/12 type, ac-cu-rately re-con-structs the data ta-ble, or pro-duce
s a cor-rect fi-nal an-swer [].
 []



[4]
Overfull \hbox (9.87413pt too wide) in paragraph at lines 142--143
[]\T1/stix2/m/n/12 Does HCPC si-mul-ta-ne-ously pro-mote rea-son-ing di-ver-sit
y across roll-outs and main-
 []

LaTeX Font Info:    Trying to load font information for TS1+stix2 on input line
 154.

(C:\Users\sumai\AppData\Local\Programs\MiKTeX\tex/fonts/stix2-type1\ts1stix2.fd
File: ts1stix2.fd 2018/04/02 v2.0.0-latex stix2 TS1 font definitions
)
Overfull \hbox (3.10216pt too wide) in paragraph at lines 155--156
\T1/stix2/m/n/12 only math-e-mat-ics to a multi-modal model with noisy, multi-c
omponent re-wards. 
 []


Overfull \hbox (1.17496pt too wide) in paragraph at lines 156--157
[]\T1/stix2/b/n/12 Empirical com-par-i-son of re-ward strate-gies: \T1/stix2/m/
n/12 Sys-tem-atic eval-u-a-tion of GRPO,
 []



[5{C:/Users/sumai/AppData/Local/Programs/MiKTeX/fonts/enc/dvips/stix2-type1/sti
x2-ts1.enc}]
Overfull \hbox (6.36589pt too wide) in paragraph at lines 164--164
[]\T1/stix2/b/n/17.28 Why Charts Are a Dis-tinct Vi-sual Rea-son-ing Prob-
 []



[6]

[7]

[8]
Chapter 2.

Overfull \hbox (14.91866pt too wide) in paragraph at lines 185--186
\T1/stix2/m/n/12 struc-tion and eval-u-a-tion, su-per-vised in-struc-tion tun-i
ng, agen-tic and tool-use ap-proaches,
 []


LaTeX Warning: Citation 'masry2022chartqa' on page 9 undefined on input line 18
9.


LaTeX Warning: Citation 'xia2024chartx' on page 9 undefined on input line 191.


LaTeX Warning: Citation 'hegde2026chartqax' on page 9 undefined on input line 1
91.


LaTeX Warning: Citation 'teney2017graph' on page 9 undefined on input line 193.



Overfull \hbox (1.62022pt too wide) in paragraph at lines 193--194
[]\T1/stix2/m/n/12 Evaluation met-rics in this area have evolved along-side the
 bench-marks. Both ChartQA
 []


Overfull \hbox (18.16718pt too wide) in paragraph at lines 193--194
\T1/stix2/m/n/12 and ChartQA-X adopt a re-laxed cor-rect-ness cri-te-rion that 
tol-er-ates nu-meric near-matches,
 []



[9

]

LaTeX Warning: Citation 'masry2024chartinstruct' on page 10 undefined on input 
line 197.


LaTeX Warning: Citation 'masry2025chartgemma' on page 10 undefined on input lin
e 197.


LaTeX Warning: Citation 'carbune2024chartbased' on page 10 undefined on input l
ine 199.


LaTeX Warning: Citation 'he2025distill' on page 10 undefined on input line 199.



LaTeX Warning: Citation 'xu2025chartpoint' on page 10 undefined on input line 1
99.


Overfull \hbox (2.07616pt too wide) in paragraph at lines 199--200
[]\T1/stix2/m/n/12 Carbune et al. [] ap-proached the prob-lem as a ca-pa-bil-it
y trans-
 []


Overfull \hbox (72.6841pt too wide) in paragraph at lines 199--200
\T1/stix2/m/n/12 ing com-pet-i-tive re-sults with-out large-scale chart-specifi
c an-no-ta-tion. Chart-Point []
 []


Overfull \hbox (0.35541pt too wide) in paragraph at lines 199--200
\T1/stix2/m/n/12 im-proved faith-ful-ness of in-ter-me-di-ate steps by in-tro-d
uc-ing ground-ing re-flec-tion, guid-
 []


LaTeX Warning: Citation 'sinha2025chartrvr' on page 10 undefined on input line 
201.


LaTeX Warning: Citation 'kaur2025chartagent' on page 10 undefined on input line
 205.


LaTeX Warning: Citation 'goswami2025chartcitor' on page 10 undefined on input l
ine 205.


LaTeX Warning: Citation 'yu2025visual' on page 10 undefined on input line 205.



[10]

LaTeX Warning: Citation 'huang2025vprChart' on page 11 undefined on input line 
207.


LaTeX Warning: Citation 'akhtar2023reading' on page 11 undefined on input line 
207.


LaTeX Warning: Citation 'sinha2025chartrvr' on page 11 undefined on input line 
215.


LaTeX Warning: Citation 'chen2025chartr1' on page 11 undefined on input line 21
5.


LaTeX Warning: Citation 'masry2025bigchartsr1' on page 11 undefined on input li
ne 215.


Overfull \hbox (60.34341pt too wide) in paragraph at lines 215--216
\T1/stix2/m/n/12 thought su-per-vi-sion com-bined with re-in-force-ment, and BI
GCHARTS-R1 []
 []


LaTeX Warning: Citation 'su2025crossing' on page 11 undefined on input line 217
.


LaTeX Warning: Citation 'ali2025sql' on page 11 undefined on input line 217.


LaTeX Warning: Citation 'zhu2025rlvrdecomposed' on page 11 undefined on input l
ine 221.



[11]

LaTeX Warning: Citation 'wen2025rlvr' on page 12 undefined on input line 225.


LaTeX Warning: Citation 'odena2017testtime' on page 12 undefined on input line 
229.


LaTeX Warning: Citation 'zhang2023tempera' on page 12 undefined on input line 2
29.


LaTeX Warning: Citation 'zuo2025ttrl' on page 12 undefined on input line 229.


LaTeX Warning: Citation 'liu2025ettrl' on page 12 undefined on input line 229.


LaTeX Warning: Citation 'du2025testtime' on page 12 undefined on input line 229
.


LaTeX Warning: Citation 'zhang2024cumulative' on page 12 undefined on input lin
e 233.


LaTeX Warning: Citation 'lu2021intergps' on page 12 undefined on input line 233
.


LaTeX Warning: Citation 'zhang2025improvevlm' on page 12 undefined on input lin
e 233.


LaTeX Warning: Citation 'koksal2025fewshot' on page 12 undefined on input line 
233.


LaTeX Warning: Citation 'zhang2025rlvmr' on page 12 undefined on input line 233
.


LaTeX Warning: Citation 'ke2025survey' on page 12 undefined on input line 233.



[12]
Overfull \hbox (2.8442pt too wide) in paragraph at lines 237--238
\T1/stix2/m/n/12 cause pos-i-tive re-in-force-ment with-out di-ver-sity con-str
aints pushes mod-els to-ward dom-
 []



[13]
Underfull \hbox (badness 10000) in paragraph at lines 253--254
[]|\T1/stix2/m/n/12 Limitation rel-e-vant to
 []


Underfull \hbox (badness 10000) in paragraph at lines 255--255
[]|\T1/stix2/m/n/12 Supervised fine-
 []


Underfull \hbox (badness 10000) in paragraph at lines 255--255
[]|\T1/stix2/m/n/12 Learns flu-ent, task-
 []


Underfull \hbox (badness 10000) in paragraph at lines 255--255
\T1/stix2/m/n/12 specific out-put style
 []


Underfull \hbox (badness 10000) in paragraph at lines 255--256
[]|\T1/stix2/m/n/12 Brittle un-der dis-tri-
 []


Underfull \hbox (badness 10000) in paragraph at lines 255--256
\T1/stix2/m/n/12 bu-tion shift and may
 []


Underfull \hbox (badness 10000) in paragraph at lines 255--256
\T1/stix2/m/n/12 im-i-tate un-faith-ful rea-
 []


Underfull \hbox (badness 10000) in paragraph at lines 256--256
[]|\T1/stix2/m/n/12 Agentic/tool-
 []


Underfull \hbox (badness 10000) in paragraph at lines 256--256
[]|\T1/stix2/m/n/12 Can sep-a-rate per-cep-
 []


Underfull \hbox (badness 10000) in paragraph at lines 256--256
\T1/stix2/m/n/12 tion, plan-ning, and
 []


Underfull \hbox (badness 10000) in paragraph at lines 256--257
[]|\T1/stix2/m/n/12 Requires or-ches-tra-tion
 []


Underfull \hbox (badness 10000) in paragraph at lines 256--257
\T1/stix2/m/n/12 and may in-crease la-
 []


Underfull \hbox (badness 10000) in paragraph at lines 256--257
\T1/stix2/m/n/12 tency or de-ploy-ment
 []


Underfull \hbox (badness 3229) in paragraph at lines 257--257
[]|\T1/stix2/m/n/12 Uses ob-jec-tive cor-rect-
 []


Underfull \hbox (badness 10000) in paragraph at lines 257--258
[]|\T1/stix2/m/n/12 Rewards fi-nal or per-
 []


Underfull \hbox (badness 10000) in paragraph at lines 257--258
\T1/stix2/m/n/12 rollout cor-rect-ness
 []


Underfull \hbox (badness 10000) in paragraph at lines 258--258
[]|\T1/stix2/m/n/12 Negative-only
 []


Underfull \hbox (badness 10000) in paragraph at lines 258--258
[]|\T1/stix2/m/n/12 Preserves di-ver-sity by
 []


Underfull \hbox (badness 10000) in paragraph at lines 258--258
\T1/stix2/m/n/12 avoid-ing pos-i-tive re-
 []


Underfull \hbox (badness 4001) in paragraph at lines 258--258
\T1/stix2/m/n/12 in-force-ment of cor-rect
 []


Underfull \hbox (badness 7326) in paragraph at lines 258--259
[]|\T1/stix2/m/n/12 Originally val-i-dated in
 []


Underfull \hbox (badness 3792) in paragraph at lines 259--259
[]|\T1/stix2/m/n/12 Rewards sta-ble ex-trac-
 []


Underfull \hbox (badness 5592) in paragraph at lines 259--260
[]|\T1/stix2/m/n/12 Requires mul-ti-ple roll-
 []



[14]

[15]

[16]
Chapter 3.

Overfull \hbox (2.56352pt too wide) in paragraph at lines 273--274
\T1/stix2/m/n/12 The pro-posed sys-tem, HCPC-RLVR, fine-tunes a vision-language
 model for chart ques-
 []

<ImageA.png, id=578, 123.3408pt x 123.3408pt>
File: ImageA.png Graphic file (type png)
<use ImageA.png>
Package pdftex.def Info: ImageA.png  used on input line 285.
(pdftex.def)             Requested size: 362.77525pt x 362.85657pt.


[17

{C:/Users/sumai/AppData/Local/Programs/MiKTeX/fonts/enc/dvips/stix2-type1/stix2
-mathscr.enc}]
Overfull \hbox (2.58165pt too wide) in paragraph at lines 290--290
[]\T1/stix2/b/n/17.28 Base Model and Parameter-Efficient Fine-Tuning 
 []



[18{C:/Users/sumai/AppData/Local/Programs/MiKTeX/fonts/enc/dvips/stix2-type1/st
ix2-mathbb.enc} <./ImageA.png>]
<ImageB.png, id=593, 123.3408pt x 123.3408pt>
File: ImageB.png Graphic file (type png)
<use ImageB.png>
Package pdftex.def Info: ImageB.png  used on input line 300.
(pdftex.def)             Requested size: 169.00916pt x 169.02478pt.

Underfull \hbox (badness 10000) in paragraph at lines 301--301
[]\T1/stix2/b/n/10.95 (a) |\T1/stix2/m/n/10.95 Full-parameter fine-tuning: all
 []

<ImageC.png, id=594, 123.3408pt x 123.3408pt>
File: ImageC.png Graphic file (type png)
<use ImageC.png>
Package pdftex.def Info: ImageC.png  used on input line 306.
(pdftex.def)             Requested size: 169.00916pt x 169.02478pt.

Underfull \hbox (badness 1983) in paragraph at lines 307--307
[]\T1/stix2/b/n/10.95 (b) |\T1/stix2/m/n/10.95 LoRA fine-tuning: only low-rank
 []

LaTeX Font Info:    Trying to load font information for T1+lmtt on input line 3
19.
(C:\Users\sumai\AppData\Local\Programs\MiKTeX\tex/latex/lm\t1lmtt.fd
File: t1lmtt.fd 2015/05/01 v1.6.1 Font defs for Latin Modern
)

[19{C:/Users/sumai/AppData/Local/Programs/MiKTeX/fonts/enc/dvips/lm/lm-ec.enc} 
<./ImageB.png> <./ImageC.png>]
Overfull \hbox (178.00896pt too wide) in paragraph at lines 329--342
 [] 
 []


Overfull \hbox (8.07668pt too wide) in paragraph at lines 347--347
[]\T1/stix2/b/n/17.28 Rollout Count: In-tended De-sign and Cur-rent Con-
 []



[20]

[21]

LaTeX Warning: Citation 'sinha2025chartrvr' on page 22 undefined on input line 
381.



[22{C:/Users/sumai/AppData/Local/Programs/MiKTeX/fonts/enc/dvips/stix2-type1/st
ix2-mathex.enc}]

[23{C:/Users/sumai/AppData/Local/Programs/MiKTeX/fonts/enc/dvips/stix2-type1/st
ix2-mathcal.enc}]

[24]

[25]

[26]
Chapter 4.

LaTeX Warning: Citation 'sinha2025chartrvr' on page 27 undefined on input line 
489.


Overfull \hbox (20.75836pt too wide) in paragraph at lines 489--490
\T1/stix2/m/n/12 The train-ing data are drawn from the Chart-RVR GRPO Train dat
aset [],
 []



[27

]

LaTeX Warning: Citation 'masry2022chartqa' on page 28 undefined on input line 5
35.



[28]

LaTeX Warning: Citation 'chen2021evaluating' on page 29 undefined on input line
 562.


Underfull \hbox (badness 3826) in paragraph at lines 564--565
[]|\T1/stix2/m/n/12 Cosine sim-i-lar-ity of ex-tracted ta-bles
 []



[29]
Overfull \hbox (125.52063pt too wide) in paragraph at lines 583--593
 [][] 
 []



[30]

[31]

[32]

[33]
Overfull \hbox (41.72157pt too wide) in paragraph at lines 654--662
 [][] 
 []



[34]
Overfull \hbox (0.73216pt too wide) in paragraph at lines 692--693
[]\T1/stix2/m/n/12 The con-tested 82 sam-ples are where re-ward de-sign mat-ter
s most. Each trained method
 []



[35]
Overfull \hbox (0.88829pt too wide) in paragraph at lines 698--699
[]\T1/stix2/m/n/12 Cross-element arith-metic is an-other com-mon fail-ure mode.
 Ra-tio and dif-fer-ence ques-
 []


Underfull \hbox (badness 10000) in paragraph at lines 706--707
\T1/stix2/m/n/12 the model rounds vi-su-ally
 []


Underfull \hbox (badness 10000) in paragraph at lines 707--707
[]|\T1/stix2/m/n/12 Cross-element
 []


Underfull \hbox (badness 2088) in paragraph at lines 707--708
[]|\T1/stix2/m/n/12 Extraction er-rors com-pound
 []


Underfull \hbox (badness 1147) in paragraph at lines 707--708
\T1/stix2/m/n/12 through di-vi-sion or sub-trac-
 []


Underfull \hbox (badness 10000) in paragraph at lines 708--708
[]|\T1/stix2/m/n/12 Color/label
 []


Underfull \hbox (badness 10000) in paragraph at lines 710--710
[]|\T1/stix2/m/n/12 Exact for-mat
 []


Underfull \hbox (badness 10000) in paragraph at lines 710--710
[]|\T1/stix2/m/n/12 Democrat
 []


Underfull \hbox (badness 10000) in paragraph at lines 710--710
\T1/stix2/m/n/12 (scores 60 to
 []


Underfull \hbox (badness 2197) in paragraph at lines 710--711
\T1/stix2/m/n/12 tent but miss the ex-act ex-
 []


Underfull \hbox (badness 3098) in paragraph at lines 711--711
[]|\T1/stix2/m/n/12 Non-chart rea-son-
 []


Underfull \hbox (badness 10000) in paragraph at lines 711--712
[]|\T1/stix2/m/n/12 The in-put re-sem-bles a
 []


Underfull \hbox (badness 10000) in paragraph at lines 711--712
\T1/stix2/m/n/12 number-pattern prob-lem
 []



[36]

[37]
Overfull \hbox (1.89053pt too wide) in paragraph at lines 740--741
\T1/stix2/m/n/12 tics, and these statis-tics are less re-li-able when es-ti-mat
ed from four re-sponses. A weaker
 []


Overfull \hbox (4.6784pt too wide) in paragraph at lines 746--747
\T1/stix2/m/n/12 com-pleted only for GRPO and GRPO+HCPC. A com-plete ex-ter-nal
 va-lid-ity claim would
 []



[38]

[39]
Chapter 5.

Overfull \hbox (3.15633pt too wide) in paragraph at lines 761--762
\T1/stix2/m/n/12 This the-sis pro-posed HCPC-RLVR, a re-in-force-ment learn-ing
 frame-work for chart ques-
 []


Overfull \hbox (20.76016pt too wide) in paragraph at lines 769--782
 [][] 
 []



[40

]

[41{C:/Users/sumai/AppData/Local/Programs/MiKTeX/fonts/enc/dvips/stix2-type1/st
ix2-mathrm-bold.enc}]

LaTeX Warning: Empty bibliography on input line 808.



[42] (main.aux)
 ***********
LaTeX2e <2025-06-01> patch level 1
L3 programming layer <2025-09-02>
 ***********


LaTeX Warning: There were undefined references.

Package rerunfilecheck Info: File `main.out' has not changed.
(rerunfilecheck)             Checksum: D1AFCF90D7C747A59BAED749032813F4;14782.

Package biblatex Warning: Please (re)run Biber on the file:
(biblatex)                main
(biblatex)                and rerun LaTeX afterwards.

Package logreq Info: Writing requests to 'main.run.xml'.
\openout1 = `main.run.xml'.

 ) 
Here is how much of TeX's memory you used:
 30008 strings out of 468081
 528177 string characters out of 5425788
 1307572 words of memory out of 5000000
 58110 multiletter control sequences out of 15000+600000
 755137 words of font info for 113 fonts, out of 8000000 for 9000
 1141 hyphenation exceptions out of 8191
 84i,13n,93p,1173b,1038s stack positions out of 10000i,1000n,20000p,200000b,200000s
<C:/Users/sumai/AppData/Local/Programs/MiKTeX/fonts/type1/public/stix2-type1/
STIX2Math.pfb><C:/Users/sumai/AppData/Local/Programs/MiKTeX/fonts/type1/public/
stix2-type1/STIX2Text-Bold.pfb><C:/Users/sumai/AppData/Local/Programs/MiKTeX/fo
nts/type1/public/stix2-type1/STIX2Text-Italic.pfb><C:/Users/sumai/AppData/Local
/Programs/MiKTeX/fonts/type1/public/stix2-type1/STIX2Text-Regular.pfb><C:/Users
/sumai/AppData/Local/Programs/MiKTeX/fonts/type1/public/lm/lmtt12.pfb>
Output written on main.pdf (54 pages, 918160 bytes).
PDF statistics:
 807 PDF objects out of 1000 (max. 8388607)
 177 named destinations out of 1000 (max. 500000)
 640 words of extra memory for PDF output out of 10000 (max. 10000000)

